Pixel: [320, 240] Ray: {-14 0 0} -> {1 0.001042 0.001042}
