Pixel: [320, 240] Ray: {7 0 7} -> {-0.7064 0.001042 -0.7078}
