Pixel: [400, 240] Ray: {0 0 14} -> {0.1654 0.001027 -0.9862}
No Hit
